{
  "version": "1.5.0",
  "plugins_used": [
    {
      "name": "ArtifactoryDetector"
    },
    {
      "name": "AWSKeyDetector"
    },
    {
      "name": "AzureStorageKeyDetector"
    },
    {
      "name": "Base64HighEntropyString",
      "limit": 4.5
    },
    {
      "name": "BasicAuthDetector"
    },
    {
      "name": "CloudantDetector"
    },
    {
      "name": "DiscordBotTokenDetector"
    },
    {
      "name": "GitHubTokenDetector"
    },
    {
      "name": "GitLabTokenDetector"
    },
    {
      "name": "HexHighEntropyString",
      "limit": 3.0
    },
    {
      "name": "IbmCloudIamDetector"
    },
    {
      "name": "IbmCosHmacDetector"
    },
    {
      "name": "IPPublicDetector"
    },
    {
      "name": "JwtTokenDetector"
    },
    {
      "name": "KeywordDetector",
      "keyword_exclude": ""
    },
    {
      "name": "MailchimpDetector"
    },
    {
      "name": "NpmDetector"
    },
    {
      "name": "OpenAIDetector"
    },
    {
      "name": "PrivateKeyDetector"
    },
    {
      "name": "PypiTokenDetector"
    },
    {
      "name": "SendGridDetector"
    },
    {
      "name": "SlackDetector"
    },
    {
      "name": "SoftlayerDetector"
    },
    {
      "name": "SquareOAuthDetector"
    },
    {
      "name": "StripeDetector"
    },
    {
      "name": "TelegramBotTokenDetector"
    },
    {
      "name": "TwilioKeyDetector"
    }
  ],
  "filters_used": [
    {
      "path": "detect_secrets.filters.allowlist.is_line_allowlisted"
    },
    {
      "path": "detect_secrets.filters.common.is_baseline_file",
      "filename": ".secrets.baseline"
    },
    {
      "path": "detect_secrets.filters.common.is_ignored_due_to_verification_policies",
      "min_level": 2
    },
    {
      "path": "detect_secrets.filters.heuristic.is_indirect_reference"
    },
    {
      "path": "detect_secrets.filters.heuristic.is_likely_id_string"
    },
    {
      "path": "detect_secrets.filters.heuristic.is_lock_file"
    },
    {
      "path": "detect_secrets.filters.heuristic.is_not_alphanumeric_string"
    },
    {
      "path": "detect_secrets.filters.heuristic.is_potential_uuid"
    },
    {
      "path": "detect_secrets.filters.heuristic.is_prefixed_with_dollar_sign"
    },
    {
      "path": "detect_secrets.filters.heuristic.is_sequential_string"
    },
    {
      "path": "detect_secrets.filters.heuristic.is_swagger_file"
    },
    {
      "path": "detect_secrets.filters.heuristic.is_templated_secret"
    },
    {
      "path": "detect_secrets.filters.regex.should_exclude_file",
      "pattern": [
        "\""
      ]
    }
  ],
  "results": {
    ".github/workflows/dast.yml": [
      {
        "type": "Secret Keyword",
        "filename": ".github/workflows/dast.yml",
        "hashed_secret": "6d80c0e714bf2e556a1b57a17bfb1fbb29c1eca3",
        "is_verified": false,
        "line_number": 28
      },
      {
        "type": "Secret Keyword",
        "filename": ".github/workflows/dast.yml",
        "hashed_secret": "95957db85732e1c09a6f3d60a1efce3c6e64b526",
        "is_verified": false,
        "line_number": 29
      }
    ],
    "deploy/kubernetes/ingress.yaml": [
      {
        "type": "Secret Keyword",
        "filename": "deploy/kubernetes/ingress.yaml",
        "hashed_secret": "379c9da490c35d056dca2f39c04550cb37911f10",
        "is_verified": false,
        "line_number": 37
      }
    ],
    "deploy/kubernetes/secrets.yaml": [
      {
        "type": "Secret Keyword",
        "filename": "deploy/kubernetes/secrets.yaml",
        "hashed_secret": "0d282189484bd111e43d1123d0ed0407b82defc6",
        "is_verified": false,
        "line_number": 40
      },
      {
        "type": "Secret Keyword",
        "filename": "deploy/kubernetes/secrets.yaml",
        "hashed_secret": "e2a52a1a71fefcd15903ad5fe3185c24968b8764",
        "is_verified": false,
        "line_number": 41
      }
    ],
    "deploy/kubernetes/worker.yaml": [
      {
        "type": "Secret Keyword",
        "filename": "deploy/kubernetes/worker.yaml",
        "hashed_secret": "37fa265330ad83eaa879efb1e2db6380896cf639",
        "is_verified": false,
        "line_number": 106
      }
    ],
    "frontend/src/api/contract.ts": [
      {
        "type": "Secret Keyword",
        "filename": "frontend/src/api/contract.ts",
        "hashed_secret": "48a3661d846478fa991a825ebd10b78671444b5b",
        "is_verified": false,
        "line_number": 123
      },
      {
        "type": "Secret Keyword",
        "filename": "frontend/src/api/contract.ts",
        "hashed_secret": "d44db55a7a5f26dda5dac5c62a85b01ab8f4c4b2",
        "is_verified": false,
        "line_number": 127
      }
    ],
    "frontend/src/i18n/en/translation.json": [
      {
        "type": "Secret Keyword",
        "filename": "frontend/src/i18n/en/translation.json",
        "hashed_secret": "47acd2028cf81b5da88ddeedb2aea4eca4b71fbd",
        "is_verified": false,
        "line_number": 181
      },
      {
        "type": "Secret Keyword",
        "filename": "frontend/src/i18n/en/translation.json",
        "hashed_secret": "8be3c943b1609fffbfc51aad666d0a04adf83c9d",
        "is_verified": false,
        "line_number": 243
      }
    ],
    "frontend/src/pages/EvidenceCustodyPage.tsx": [
      {
        "type": "Secret Keyword",
        "filename": "frontend/src/pages/EvidenceCustodyPage.tsx",
        "hashed_secret": "5bf1fd927dfb8679496a2e6cf00cbe50c1c87145",
        "is_verified": false,
        "line_number": 81
      },
      {
        "type": "Private Key",
        "filename": "frontend/src/pages/EvidenceCustodyPage.tsx",
        "hashed_secret": "1348b145fa1a555461c1b790a2f66614781091e9",
        "is_verified": false,
        "line_number": 90
      }
    ],
    "frontend/tests/e2e/security.spec.ts": [
      {
        "type": "Secret Keyword",
        "filename": "frontend/tests/e2e/security.spec.ts",
        "hashed_secret": "e851f00bf8adbb5bb19432e54cb5c343e658f1b6",
        "is_verified": false,
        "line_number": 21
      }
    ],
    "scripts/benchmark_performance.py": [
      {
        "type": "Basic Auth Credentials",
        "filename": "scripts/benchmark_performance.py",
        "hashed_secret": "9d4e1e23bd5b727046a9e3b4b7db57bd8d6ee684",
        "is_verified": false,
        "line_number": 459
      }
    ],
    "src/analysis/active/brute_force/_constants.py": [
      {
        "type": "Secret Keyword",
        "filename": "src/analysis/active/brute_force/_constants.py",
        "hashed_secret": "1854a11881daba39be0b6f9c9fce04b55a3e7ef5",
        "is_verified": false,
        "line_number": 59
      }
    ],
    "src/analysis/active/injection/_confidence.py": [
      {
        "type": "Secret Keyword",
        "filename": "src/analysis/active/injection/_confidence.py",
        "hashed_secret": "1210cdffc1810f2947084bec43397aa36018c6bf",
        "is_verified": false,
        "line_number": 77
      },
      {
        "type": "Secret Keyword",
        "filename": "src/analysis/active/injection/_confidence.py",
        "hashed_secret": "9235afd3e98802411861a961aa9cf61e90c1c977",
        "is_verified": false,
        "line_number": 99
      }
    ],
    "src/analysis/active/injection/deserialization.py": [
      {
        "type": "Base64 High Entropy String",
        "filename": "src/analysis/active/injection/deserialization.py",
        "hashed_secret": "9009f014167a18df320c8664aea822ae615776b2",
        "is_verified": false,
        "line_number": 77
      }
    ],
    "src/analysis/active/injection/jwt_manipulation.py": [
      {
        "type": "JSON Web Token",
        "filename": "src/analysis/active/injection/jwt_manipulation.py",
        "hashed_secret": "d5278f8f028c39a2e3357aab667bdd81c7ab5ea6",
        "is_verified": false,
        "line_number": 432
      }
    ],
    "src/analysis/active/jwt_attacks/jwt_attack_helpers.py": [
      {
        "type": "Hex High Entropy String",
        "filename": "src/analysis/active/jwt_attacks/jwt_attack_helpers.py",
        "hashed_secret": "b1775a785f09a6ebaf2dc33d6eaeb98974d9cdb8",
        "is_verified": false,
        "line_number": 409
      },
      {
        "type": "Hex High Entropy String",
        "filename": "src/analysis/active/jwt_attacks/jwt_attack_helpers.py",
        "hashed_secret": "125fbc14773f228e72f16d55be21bad750d30b19",
        "is_verified": false,
        "line_number": 410
      },
      {
        "type": "Hex High Entropy String",
        "filename": "src/analysis/active/jwt_attacks/jwt_attack_helpers.py",
        "hashed_secret": "47784580758b20256793a484ce89c74d6724936c",
        "is_verified": false,
        "line_number": 411
      }
    ],
    "src/analysis/checks/active/deserialization_probe/_constants.py": [
      {
        "type": "Base64 High Entropy String",
        "filename": "src/analysis/checks/active/deserialization_probe/_constants.py",
        "hashed_secret": "4b863e08833595459219ef0cd3a3dfcc7fb323fa",
        "is_verified": false,
        "line_number": 118
      }
    ],
    "src/analysis/checks/active/file_upload_probe.py": [
      {
        "type": "Base64 High Entropy String",
        "filename": "src/analysis/checks/active/file_upload_probe.py",
        "hashed_secret": "4bafb4bb3d016faa138fd55fb01c48e020e909a4",
        "is_verified": false,
        "line_number": 231
      }
    ],
    "src/analysis/checks/active/jwt/attacks.py": [
      {
        "type": "Base64 High Entropy String",
        "filename": "src/analysis/checks/active/jwt/attacks.py",
        "hashed_secret": "dd5015778a9fdf0093f1e723d8304175c2ccbb3b",
        "is_verified": false,
        "line_number": 214
      },
      {
        "type": "Base64 High Entropy String",
        "filename": "src/analysis/checks/active/jwt/attacks.py",
        "hashed_secret": "3123fde77a385e31b6fdd76c4326e2a57a1bfdbd",
        "is_verified": false,
        "line_number": 215
      }
    ],
    "src/analysis/checks/active/jwt/jwt_check.py": [
      {
        "type": "Secret Keyword",
        "filename": "src/analysis/checks/active/jwt/jwt_check.py",
        "hashed_secret": "1210cdffc1810f2947084bec43397aa36018c6bf",
        "is_verified": false,
        "line_number": 357
      },
      {
        "type": "Secret Keyword",
        "filename": "src/analysis/checks/active/jwt/jwt_check.py",
        "hashed_secret": "9235afd3e98802411861a961aa9cf61e90c1c977",
        "is_verified": false,
        "line_number": 358
      }
    ],
    "src/analysis/checks/active/jwt/validator.py": [
      {
        "type": "Secret Keyword",
        "filename": "src/analysis/checks/active/jwt/validator.py",
        "hashed_secret": "1210cdffc1810f2947084bec43397aa36018c6bf",
        "is_verified": false,
        "line_number": 12
      },
      {
        "type": "Secret Keyword",
        "filename": "src/analysis/checks/active/jwt/validator.py",
        "hashed_secret": "9235afd3e98802411861a961aa9cf61e90c1c977",
        "is_verified": false,
        "line_number": 13
      }
    ],
    "src/analysis/checks/active/mass_assignment.py": [
      {
        "type": "Secret Keyword",
        "filename": "src/analysis/checks/active/mass_assignment.py",
        "hashed_secret": "7288edd0fc3ffcbe93a0cf06e3568e28521687bc",
        "is_verified": false,
        "line_number": 79
      },
      {
        "type": "Secret Keyword",
        "filename": "src/analysis/checks/active/mass_assignment.py",
        "hashed_secret": "a94a8fe5ccb19ba61c4c0873d391e987982fbbd3",
        "is_verified": false,
        "line_number": 81
      },
      {
        "type": "Secret Keyword",
        "filename": "src/analysis/checks/active/mass_assignment.py",
        "hashed_secret": "3b979f2676df7070a7c8d6038463fa61759ee8fb",
        "is_verified": false,
        "line_number": 82
      }
    ],
    "src/analysis/checks/passive/token_lifetime_analyzer/token_lifetime_helpers.py": [
      {
        "type": "Secret Keyword",
        "filename": "src/analysis/checks/passive/token_lifetime_analyzer/token_lifetime_helpers.py",
        "hashed_secret": "20af418657698863db8d966f4b42ed8dc7d0bd54",
        "is_verified": false,
        "line_number": 66
      },
      {
        "type": "Secret Keyword",
        "filename": "src/analysis/checks/passive/token_lifetime_analyzer/token_lifetime_helpers.py",
        "hashed_secret": "9235afd3e98802411861a961aa9cf61e90c1c977",
        "is_verified": false,
        "line_number": 67
      }
    ],
    "src/auth/session.py": [
      {
        "type": "Secret Keyword",
        "filename": "src/auth/session.py",
        "hashed_secret": "665b1e3851eefefa3fb878654292f16597d25155",
        "is_verified": false,
        "line_number": 17
      }
    ],
    "src/core/contracts/param_categories.py": [
      {
        "type": "Secret Keyword",
        "filename": "src/core/contracts/param_categories.py",
        "hashed_secret": "665b1e3851eefefa3fb878654292f16597d25155",
        "is_verified": false,
        "line_number": 14
      }
    ],
    "src/core/security/provenance.py": [
      {
        "type": "Hex High Entropy String",
        "filename": "src/core/security/provenance.py",
        "hashed_secret": "b9a4eea38efd25b78d3a1aaf3e9202b93a26a89c",
        "is_verified": false,
        "line_number": 29
      }
    ],
    "src/dashboard/fastapi/lifespan_core.py": [
      {
        "type": "Secret Keyword",
        "filename": "src/dashboard/fastapi/lifespan_core.py",
        "hashed_secret": "d38e68d0a7f1af1d3d66ac873775f06a73b2a820",
        "is_verified": false,
        "line_number": 47
      },
      {
        "type": "Secret Keyword",
        "filename": "src/dashboard/fastapi/lifespan_core.py",
        "hashed_secret": "feef14e711bffccbb8aa9700a14f17920fd09ef6",
        "is_verified": false,
        "line_number": 48
      },
      {
        "type": "Secret Keyword",
        "filename": "src/dashboard/fastapi/lifespan_core.py",
        "hashed_secret": "64ada2997b1682223ace79bab20526edef4c8a78",
        "is_verified": false,
        "line_number": 49
      },
      {
        "type": "Secret Keyword",
        "filename": "src/dashboard/fastapi/lifespan_core.py",
        "hashed_secret": "b3940909bbd68a59ba0277b02624768dfaeb6e9b",
        "is_verified": false,
        "line_number": 50
      }
    ],
    "src/execution/validators/validators/graphql.py": [
      {
        "type": "Hex High Entropy String",
        "filename": "src/execution/validators/validators/graphql.py",
        "hashed_secret": "b58fd099373dbd7e53ed13e7357e2a1cad93dd47",
        "is_verified": false,
        "line_number": 68
      }
    ],
    "src/execution/validators/validators/jwt.py": [
      {
        "type": "Base64 High Entropy String",
        "filename": "src/execution/validators/validators/jwt.py",
        "hashed_secret": "f30d43f6c767d772a14aeb11c733b6daa3e2a0f5",
        "is_verified": false,
        "line_number": 97
      }
    ],
    "src/execution/validators/validators/saml.py": [
      {
        "type": "Base64 High Entropy String",
        "filename": "src/execution/validators/validators/saml.py",
        "hashed_secret": "e167bb9b0437931c6339549f5bd7bcfcd000aef4",
        "is_verified": false,
        "line_number": 22
      },
      {
        "type": "Base64 High Entropy String",
        "filename": "src/execution/validators/validators/saml.py",
        "hashed_secret": "65b6e9f57b650e3016a50ff3bd05ececb4b41c02",
        "is_verified": false,
        "line_number": 23
      },
      {
        "type": "Base64 High Entropy String",
        "filename": "src/execution/validators/validators/saml.py",
        "hashed_secret": "3d99546005f011ed172033797352a867f513d302",
        "is_verified": false,
        "line_number": 24
      },
      {
        "type": "Base64 High Entropy String",
        "filename": "src/execution/validators/validators/saml.py",
        "hashed_secret": "d613a8c95be9d182023a0514eabbcbb0ccea9459",
        "is_verified": false,
        "line_number": 25
      },
      {
        "type": "Base64 High Entropy String",
        "filename": "src/execution/validators/validators/saml.py",
        "hashed_secret": "ac186183ee68ad9cfe27d5219882cb065a3775b5",
        "is_verified": false,
        "line_number": 26
      },
      {
        "type": "Base64 High Entropy String",
        "filename": "src/execution/validators/validators/saml.py",
        "hashed_secret": "9bc5e3330ae3149c2f7222196eec7d6a8858f632",
        "is_verified": false,
        "line_number": 27
      },
      {
        "type": "Base64 High Entropy String",
        "filename": "src/execution/validators/validators/saml.py",
        "hashed_secret": "fa4d3a98a45f79b962e89c0f82d583ced66c7eb4",
        "is_verified": false,
        "line_number": 28
      },
      {
        "type": "Base64 High Entropy String",
        "filename": "src/execution/validators/validators/saml.py",
        "hashed_secret": "0f422d5537e92e5a5c104a913e5bdadb762f0906",
        "is_verified": false,
        "line_number": 29
      },
      {
        "type": "Base64 High Entropy String",
        "filename": "src/execution/validators/validators/saml.py",
        "hashed_secret": "32526407ea3cd0e34f1b856eac587bd77b893eff",
        "is_verified": false,
        "line_number": 30
      },
      {
        "type": "Base64 High Entropy String",
        "filename": "src/execution/validators/validators/saml.py",
        "hashed_secret": "8833d5d57bf5df9f0971eb2806f042664dfa48c4",
        "is_verified": false,
        "line_number": 31
      },
      {
        "type": "Base64 High Entropy String",
        "filename": "src/execution/validators/validators/saml.py",
        "hashed_secret": "7ce035f6c259fb82c0b1cf72e12be23eb918cbdf",
        "is_verified": false,
        "line_number": 32
      },
      {
        "type": "Base64 High Entropy String",
        "filename": "src/execution/validators/validators/saml.py",
        "hashed_secret": "025ea7a6f8944800219d9f2b12b147ed91e39bd8",
        "is_verified": false,
        "line_number": 34
      },
      {
        "type": "Base64 High Entropy String",
        "filename": "src/execution/validators/validators/saml.py",
        "hashed_secret": "f71fdb4f687bcb39aeecb75d32cdb6682489e322",
        "is_verified": false,
        "line_number": 36
      },
      {
        "type": "Base64 High Entropy String",
        "filename": "src/execution/validators/validators/saml.py",
        "hashed_secret": "0a644eab4e13ffd23785e719499d5af522772e13",
        "is_verified": false,
        "line_number": 38
      },
      {
        "type": "Base64 High Entropy String",
        "filename": "src/execution/validators/validators/saml.py",
        "hashed_secret": "c4490f179cd84490382f58631cb4469be1597e82",
        "is_verified": false,
        "line_number": 39
      },
      {
        "type": "Base64 High Entropy String",
        "filename": "src/execution/validators/validators/saml.py",
        "hashed_secret": "c450dd6f13a77a8bb5c8077c329fcc2fbc2e0a60",
        "is_verified": false,
        "line_number": 40
      },
      {
        "type": "Base64 High Entropy String",
        "filename": "src/execution/validators/validators/saml.py",
        "hashed_secret": "d6c1cd16ef2b82285e0a937f64e126f466b889f3",
        "is_verified": false,
        "line_number": 41
      },
      {
        "type": "Base64 High Entropy String",
        "filename": "src/execution/validators/validators/saml.py",
        "hashed_secret": "85d010e86ad55b5c4edd8dfafe3fba8d16acee48",
        "is_verified": false,
        "line_number": 42
      },
      {
        "type": "Base64 High Entropy String",
        "filename": "src/execution/validators/validators/saml.py",
        "hashed_secret": "5920b11996061e795f29cc91a6d284fc1f4460be",
        "is_verified": false,
        "line_number": 43
      },
      {
        "type": "Base64 High Entropy String",
        "filename": "src/execution/validators/validators/saml.py",
        "hashed_secret": "f4449757cbd0b136c5d8fbcae80fadebadfcd6ff",
        "is_verified": false,
        "line_number": 50
      },
      {
        "type": "Base64 High Entropy String",
        "filename": "src/execution/validators/validators/saml.py",
        "hashed_secret": "86789b8ac75acc5d7085ee8868615fafa9b2a474",
        "is_verified": false,
        "line_number": 51
      },
      {
        "type": "Base64 High Entropy String",
        "filename": "src/execution/validators/validators/saml.py",
        "hashed_secret": "01b2b7e26d592a4996f261b8ae90d12e1b0c1efb",
        "is_verified": false,
        "line_number": 52
      },
      {
        "type": "Base64 High Entropy String",
        "filename": "src/execution/validators/validators/saml.py",
        "hashed_secret": "f122c1d8947e3f8bd6eac0d8e5fc242c9843f76d",
        "is_verified": false,
        "line_number": 53
      },
      {
        "type": "Base64 High Entropy String",
        "filename": "src/execution/validators/validators/saml.py",
        "hashed_secret": "94ba942c2de584cdfa5183862b4d9eeb75e3b06b",
        "is_verified": false,
        "line_number": 54
      },
      {
        "type": "Base64 High Entropy String",
        "filename": "src/execution/validators/validators/saml.py",
        "hashed_secret": "844ff481b047b8c22b67f1fe8967513a523aa8d8",
        "is_verified": false,
        "line_number": 55
      },
      {
        "type": "Base64 High Entropy String",
        "filename": "src/execution/validators/validators/saml.py",
        "hashed_secret": "5f5b0c584846571948da5813aedb86d0c8d57283",
        "is_verified": false,
        "line_number": 56
      },
      {
        "type": "Base64 High Entropy String",
        "filename": "src/execution/validators/validators/saml.py",
        "hashed_secret": "ee7639313cd270f64647f49bdd2ebf1997334bc0",
        "is_verified": false,
        "line_number": 57
      },
      {
        "type": "Base64 High Entropy String",
        "filename": "src/execution/validators/validators/saml.py",
        "hashed_secret": "4e28ec4c206f939a20abfcc8b86db6d4b00221a6",
        "is_verified": false,
        "line_number": 58
      },
      {
        "type": "Base64 High Entropy String",
        "filename": "src/execution/validators/validators/saml.py",
        "hashed_secret": "32785f89f9f49c83094f95d3b9cd732ed7927d44",
        "is_verified": false,
        "line_number": 60
      },
      {
        "type": "Base64 High Entropy String",
        "filename": "src/execution/validators/validators/saml.py",
        "hashed_secret": "4a3cd98c959861a9c90f17a725c6eb528aeb9b5c",
        "is_verified": false,
        "line_number": 62
      },
      {
        "type": "Base64 High Entropy String",
        "filename": "src/execution/validators/validators/saml.py",
        "hashed_secret": "f69a6e271088ee50c83e4c4243212dc52d40ef4f",
        "is_verified": false,
        "line_number": 64
      },
      {
        "type": "Base64 High Entropy String",
        "filename": "src/execution/validators/validators/saml.py",
        "hashed_secret": "dd60aca17a446218587e061e9f0d3644b51630a1",
        "is_verified": false,
        "line_number": 65
      },
      {
        "type": "Base64 High Entropy String",
        "filename": "src/execution/validators/validators/saml.py",
        "hashed_secret": "6b3cad6af7098bf0b6c856e519d9f15d8b8e7570",
        "is_verified": false,
        "line_number": 66
      },
      {
        "type": "Base64 High Entropy String",
        "filename": "src/execution/validators/validators/saml.py",
        "hashed_secret": "b9da841c33a274c4757f53c27dae44d1a0d4cea8",
        "is_verified": false,
        "line_number": 67
      }
    ],
    "src/exploitation/payloads/waf.py": [
      {
        "type": "Base64 High Entropy String",
        "filename": "src/exploitation/payloads/waf.py",
        "hashed_secret": "adff32d5f771b96c0dcb08106a6bd83657dc54de",
        "is_verified": false,
        "line_number": 47
      }
    ],
    "src/fuzzing/generators/graphql_payloads.py": [
      {
        "type": "Secret Keyword",
        "filename": "src/fuzzing/generators/graphql_payloads.py",
        "hashed_secret": "a94a8fe5ccb19ba61c4c0873d391e987982fbbd3",
        "is_verified": false,
        "line_number": 111
      }
    ],
    "src/infrastructure/queue/plugin_handler_bridge.py": [
      {
        "type": "Secret Keyword",
        "filename": "src/infrastructure/queue/plugin_handler_bridge.py",
        "hashed_secret": "0b8cecb2d46a3d2e761a3e7c6bac3695a9b82711",
        "is_verified": false,
        "line_number": 44
      }
    ],
    "src/infrastructure/security/audit.py": [
      {
        "type": "Secret Keyword",
        "filename": "src/infrastructure/security/audit.py",
        "hashed_secret": "99e24bbab79c73b343ac93116875560ba83c24b1",
        "is_verified": false,
        "line_number": 106
      },
      {
        "type": "Secret Keyword",
        "filename": "src/infrastructure/security/audit.py",
        "hashed_secret": "dbbe26ed1041850d6dd3b0c4e83089cfa1b0da29",
        "is_verified": false,
        "line_number": 107
      },
      {
        "type": "Secret Keyword",
        "filename": "src/infrastructure/security/audit.py",
        "hashed_secret": "2d5b53f3d811d83f0f59851bfb27dd598e5bbf1e",
        "is_verified": false,
        "line_number": 108
      },
      {
        "type": "Secret Keyword",
        "filename": "src/infrastructure/security/audit.py",
        "hashed_secret": "66660e97459da279a024464b4a23f9a02fdcc660",
        "is_verified": false,
        "line_number": 109
      }
    ],
    "src/intelligence/feeds/virustotal.py": [
      {
        "type": "Secret Keyword",
        "filename": "src/intelligence/feeds/virustotal.py",
        "hashed_secret": "ed639816cc076931a488f4cf493219cf81bb4459",
        "is_verified": false,
        "line_number": 33
      },
      {
        "type": "Secret Keyword",
        "filename": "src/intelligence/feeds/virustotal.py",
        "hashed_secret": "55ae1d10dd52329ddf2ded6a725bcc207ec39da9",
        "is_verified": false,
        "line_number": 34
      }
    ],
    "src/recon/nuclei.py": [
      {
        "type": "Secret Keyword",
        "filename": "src/recon/nuclei.py",
        "hashed_secret": "66a36e77fd002579809717841f998f4d21cd5913",
        "is_verified": false,
        "line_number": 128
      }
    ],
    "tests/fixtures/sample_http_responses.json": [
      {
        "type": "JSON Web Token",
        "filename": "tests/fixtures/sample_http_responses.json",
        "hashed_secret": "7876f0e1ca21d6a113760c2ffdca86421a329797",
        "is_verified": false,
        "line_number": 129
      }
    ],
    "tests/fixtures/sample_scan_config.json": [
      {
        "type": "Secret Keyword",
        "filename": "tests/fixtures/sample_scan_config.json",
        "hashed_secret": "9fb7fe1217aed442b04c0f5e43b5d5a7d3287097",
        "is_verified": false,
        "line_number": 13
      }
    ],
    "tests/fixtures/security_patterns/jwt_none_algorithm.json": [
      {
        "type": "JSON Web Token",
        "filename": "tests/fixtures/security_patterns/jwt_none_algorithm.json",
        "hashed_secret": "466bac1b709f2567540c0ffebde60d598ab873e3",
        "is_verified": false,
        "line_number": 7
      }
    ],
    "tests/fixtures/security_patterns/token_leak.json": [
      {
        "type": "GitHub Token",
        "filename": "tests/fixtures/security_patterns/token_leak.json",
        "hashed_secret": "e175c6f5f2a92e8623bd9a4820edb4e8c1b0fd10",
        "is_verified": false,
        "line_number": 2
      },
      {
        "type": "JSON Web Token",
        "filename": "tests/fixtures/security_patterns/token_leak.json",
        "hashed_secret": "92a800fa68609f76bfe58e926106352467d3ae8c",
        "is_verified": false,
        "line_number": 5
      }
    ],
    "tests/unit/analysis/active/auth_bypass/test_auth_bypass_utils.py": [
      {
        "type": "JSON Web Token",
        "filename": "tests/unit/analysis/active/auth_bypass/test_auth_bypass_utils.py",
        "hashed_secret": "c381e5e226df232bc544686c6a241be07c55aefd",
        "is_verified": false,
        "line_number": 21
      }
    ],
    "tests/unit/analysis/test_additional_security_detectors.py": [
      {
        "type": "Private Key",
        "filename": "tests/unit/analysis/test_additional_security_detectors.py",
        "hashed_secret": "1348b145fa1a555461c1b790a2f66614781091e9",
        "is_verified": false,
        "line_number": 56
      },
      {
        "type": "Base64 High Entropy String",
        "filename": "tests/unit/analysis/test_additional_security_detectors.py",
        "hashed_secret": "6665fada5b9357eccb8061a12c69e6e55fccb792",
        "is_verified": false,
        "line_number": 56
      },
      {
        "type": "JSON Web Token",
        "filename": "tests/unit/analysis/test_additional_security_detectors.py",
        "hashed_secret": "ce05916151c84a47ab5bd593db060dd9d8b9badf",
        "is_verified": false,
        "line_number": 72
      }
    ],
    "tests/unit/analysis/test_api_security_analysis.py": [
      {
        "type": "Secret Keyword",
        "filename": "tests/unit/analysis/test_api_security_analysis.py",
        "hashed_secret": "9f33a7c798af6fd6abb28049d9c1b3edfa2fd24a",
        "is_verified": false,
        "line_number": 131
      }
    ],
    "tests/unit/analysis/test_security_detectors_properties.py": [
      {
        "type": "Hex High Entropy String",
        "filename": "tests/unit/analysis/test_security_detectors_properties.py",
        "hashed_secret": "90bd1b48e958257948487b90bee080ba5ed00caa",
        "is_verified": false,
        "line_number": 297
      },
      {
        "type": "Private Key",
        "filename": "tests/unit/analysis/test_security_detectors_properties.py",
        "hashed_secret": "be4fc4886bd949b369d5e092eb87494f12e57e5b",
        "is_verified": false,
        "line_number": 605
      },
      {
        "type": "AWS Access Key",
        "filename": "tests/unit/analysis/test_security_detectors_properties.py",
        "hashed_secret": "25910f981e85ca04baf359199dd0bd4a3ae738b6",
        "is_verified": false,
        "line_number": 726
      },
      {
        "type": "Secret Keyword",
        "filename": "tests/unit/analysis/test_security_detectors_properties.py",
        "hashed_secret": "e85b3f19ba65dae3aa220232f23dd669ca75b0a3",
        "is_verified": false,
        "line_number": 726
      }
    ],
    "tests/unit/api_tests/test_api_key_checklist_safety.py": [
      {
        "type": "Secret Keyword",
        "filename": "tests/unit/api_tests/test_api_key_checklist_safety.py",
        "hashed_secret": "614936af801df531673558941f1a5b621f30045f",
        "is_verified": false,
        "line_number": 15
      }
    ],
    "tests/unit/api_tests/test_api_key_secret_handling.py": [
      {
        "type": "Secret Keyword",
        "filename": "tests/unit/api_tests/test_api_key_secret_handling.py",
        "hashed_secret": "f9d0d1f46eb12372fa8e44aec8de9e6a7e55a1c9",
        "is_verified": false,
        "line_number": 10
      },
      {
        "type": "Secret Keyword",
        "filename": "tests/unit/api_tests/test_api_key_secret_handling.py",
        "hashed_secret": "0bbc63d88a44ca7ed6ba5e1f920c7409384d4938",
        "is_verified": false,
        "line_number": 11
      }
    ],
    "tests/unit/api_tests/test_api_key_workflow_shared.py": [
      {
        "type": "Secret Keyword",
        "filename": "tests/unit/api_tests/test_api_key_workflow_shared.py",
        "hashed_secret": "e5e9fa1ba31ecd1ae84f75caaa474f3a663f05f4",
        "is_verified": false,
        "line_number": 18
      }
    ],
    "tests/unit/core/security/test_secret_validator.py": [
      {
        "type": "Secret Keyword",
        "filename": "tests/unit/core/security/test_secret_validator.py",
        "hashed_secret": "40a49cc580028d7ec98134f60bacfb66018304cd",
        "is_verified": false,
        "line_number": 34
      },
      {
        "type": "Secret Keyword",
        "filename": "tests/unit/core/security/test_secret_validator.py",
        "hashed_secret": "d033e22ae348aeb5660fc2140aec35850c4da997",
        "is_verified": false,
        "line_number": 47
      }
    ],
    "tests/unit/core/test_safe_errors.py": [
      {
        "type": "Base64 High Entropy String",
        "filename": "tests/unit/core/test_safe_errors.py",
        "hashed_secret": "fcfeaaf6e69a5ff4dbf9e7553935810e78c283c2",
        "is_verified": false,
        "line_number": 55
      },
      {
        "type": "Base64 High Entropy String",
        "filename": "tests/unit/core/test_safe_errors.py",
        "hashed_secret": "563386d6dd0cb7e98641713141adfe5bef7c3f46",
        "is_verified": false,
        "line_number": 61
      },
      {
        "type": "AWS Access Key",
        "filename": "tests/unit/core/test_safe_errors.py",
        "hashed_secret": "25910f981e85ca04baf359199dd0bd4a3ae738b6",
        "is_verified": false,
        "line_number": 66
      },
      {
        "type": "Base64 High Entropy String",
        "filename": "tests/unit/core/test_safe_errors.py",
        "hashed_secret": "ab4d33dceb0337febd18aa1223e52a48b248aea7",
        "is_verified": false,
        "line_number": 71
      },
      {
        "type": "Base64 High Entropy String",
        "filename": "tests/unit/core/test_safe_errors.py",
        "hashed_secret": "50d40b2deccfff5eb68f5a56162fd281c6fdeb0f",
        "is_verified": false,
        "line_number": 96
      },
      {
        "type": "Hex High Entropy String",
        "filename": "tests/unit/core/test_safe_errors.py",
        "hashed_secret": "a19310f994b3a8974f03cddd1de4b862266947e8",
        "is_verified": false,
        "line_number": 106
      },
      {
        "type": "Base64 High Entropy String",
        "filename": "tests/unit/core/test_safe_errors.py",
        "hashed_secret": "6672aa1e4f8d6775ead87fb1619cb88572910397",
        "is_verified": false,
        "line_number": 159
      },
      {
        "type": "Base64 High Entropy String",
        "filename": "tests/unit/core/test_safe_errors.py",
        "hashed_secret": "dd66153cbe542a372a2e86e535d26e4448b270eb",
        "is_verified": false,
        "line_number": 171
      },
      {
        "type": "Hex High Entropy String",
        "filename": "tests/unit/core/test_safe_errors.py",
        "hashed_secret": "90bd1b48e958257948487b90bee080ba5ed00caa",
        "is_verified": false,
        "line_number": 188
      }
    ],
    "tests/unit/core/test_untested_token_analysis.py": [
      {
        "type": "JSON Web Token",
        "filename": "tests/unit/core/test_untested_token_analysis.py",
        "hashed_secret": "34c659f4df06118f5bc39edc355b4542851ad3f6",
        "is_verified": false,
        "line_number": 26
      },
      {
        "type": "AWS Access Key",
        "filename": "tests/unit/core/test_untested_token_analysis.py",
        "hashed_secret": "11b81c188afc5b42ddc524116e14ef8777bba1c9",
        "is_verified": false,
        "line_number": 30
      }
    ],
    "tests/unit/dashboard/test_websocket_auth.py": [
      {
        "type": "Secret Keyword",
        "filename": "tests/unit/dashboard/test_websocket_auth.py",
        "hashed_secret": "2b8d7f8030b56ab6245f365bc3d6345706de2713",
        "is_verified": false,
        "line_number": 56
      }
    ],
    "tests/unit/detection/test_detection_runtime.py": [
      {
        "type": "Secret Keyword",
        "filename": "tests/unit/detection/test_detection_runtime.py",
        "hashed_secret": "f991e2b245187136a9828cf993b7859c66c3150c",
        "is_verified": false,
        "line_number": 163
      }
    ],
    "tests/unit/execution/test_r7_validators.py": [
      {
        "type": "JSON Web Token",
        "filename": "tests/unit/execution/test_r7_validators.py",
        "hashed_secret": "cd3f5710934ad8f9312673a13393345e8f8ddd12",
        "is_verified": false,
        "line_number": 92
      }
    ],
    "tests/unit/infrastructure/conftest.py": [
      {
        "type": "Secret Keyword",
        "filename": "tests/unit/infrastructure/conftest.py",
        "hashed_secret": "768703618d4b473fd22815804fb4c7e57aa76e46",
        "is_verified": false,
        "line_number": 82
      },
      {
        "type": "Secret Keyword",
        "filename": "tests/unit/infrastructure/conftest.py",
        "hashed_secret": "c0d7ae39ad8e0e46cdbac4c3fb44a6bc1a17105d",
        "is_verified": false,
        "line_number": 110
      }
    ],
    "tests/unit/infrastructure/security/test_audit.py": [
      {
        "type": "Secret Keyword",
        "filename": "tests/unit/infrastructure/security/test_audit.py",
        "hashed_secret": "fe1bae27cb7c1fb823f496f286e78f1d2ae87734",
        "is_verified": false,
        "line_number": 23
      }
    ],
    "tests/unit/infrastructure/test_observability.py": [
      {
        "type": "Secret Keyword",
        "filename": "tests/unit/infrastructure/test_observability.py",
        "hashed_secret": "f2b14f68eb995facb3a1c35287b778d5bd785511",
        "is_verified": false,
        "line_number": 541
      },
      {
        "type": "Secret Keyword",
        "filename": "tests/unit/infrastructure/test_observability.py",
        "hashed_secret": "e5e9fa1ba31ecd1ae84f75caaa474f3a663f05f4",
        "is_verified": false,
        "line_number": 552
      }
    ],
    "tests/unit/infrastructure/test_observability/test_logging_structured.py": [
      {
        "type": "Secret Keyword",
        "filename": "tests/unit/infrastructure/test_observability/test_logging_structured.py",
        "hashed_secret": "f2b14f68eb995facb3a1c35287b778d5bd785511",
        "is_verified": false,
        "line_number": 41
      },
      {
        "type": "Secret Keyword",
        "filename": "tests/unit/infrastructure/test_observability/test_logging_structured.py",
        "hashed_secret": "e5e9fa1ba31ecd1ae84f75caaa474f3a663f05f4",
        "is_verified": false,
        "line_number": 52
      }
    ],
    "tests/unit/infrastructure/test_security.py": [
      {
        "type": "Secret Keyword",
        "filename": "tests/unit/infrastructure/test_security.py",
        "hashed_secret": "c5b69d1f3054f4c249746be57eae993091a4af0a",
        "is_verified": false,
        "line_number": 47
      },
      {
        "type": "Secret Keyword",
        "filename": "tests/unit/infrastructure/test_security.py",
        "hashed_secret": "c0d7ae39ad8e0e46cdbac4c3fb44a6bc1a17105d",
        "is_verified": false,
        "line_number": 75
      },
      {
        "type": "Secret Keyword",
        "filename": "tests/unit/infrastructure/test_security.py",
        "hashed_secret": "1382103331d56fa62a3f0b12388aad5cdb36389d",
        "is_verified": false,
        "line_number": 780
      }
    ],
    "tests/unit/infrastructure/test_security/_security_base.py": [
      {
        "type": "Secret Keyword",
        "filename": "tests/unit/infrastructure/test_security/_security_base.py",
        "hashed_secret": "c5b69d1f3054f4c249746be57eae993091a4af0a",
        "is_verified": false,
        "line_number": 13
      },
      {
        "type": "Secret Keyword",
        "filename": "tests/unit/infrastructure/test_security/_security_base.py",
        "hashed_secret": "c0d7ae39ad8e0e46cdbac4c3fb44a6bc1a17105d",
        "is_verified": false,
        "line_number": 41
      }
    ],
    "tests/unit/infrastructure/test_security/test_encryption_secrets.py": [
      {
        "type": "Secret Keyword",
        "filename": "tests/unit/infrastructure/test_security/test_encryption_secrets.py",
        "hashed_secret": "1382103331d56fa62a3f0b12388aad5cdb36389d",
        "is_verified": false,
        "line_number": 17
      }
    ],
    "tests/unit/intelligence/test_virustotal_api_key.py": [
      {
        "type": "Secret Keyword",
        "filename": "tests/unit/intelligence/test_virustotal_api_key.py",
        "hashed_secret": "ed639816cc076931a488f4cf493219cf81bb4459",
        "is_verified": false,
        "line_number": 10
      },
      {
        "type": "Secret Keyword",
        "filename": "tests/unit/intelligence/test_virustotal_api_key.py",
        "hashed_secret": "3f7db446b5acc88983811f7324bd25a14b795abe",
        "is_verified": false,
        "line_number": 14
      },
      {
        "type": "Secret Keyword",
        "filename": "tests/unit/intelligence/test_virustotal_api_key.py",
        "hashed_secret": "9b33046ed39d182e3adafa9045ad6787d4bbc321",
        "is_verified": false,
        "line_number": 19
      }
    ],
    "tests/unit/pipeline/test_screenshots_upgrades.py": [
      {
        "type": "Hex High Entropy String",
        "filename": "tests/unit/pipeline/test_screenshots_upgrades.py",
        "hashed_secret": "ff998abc1ce6d8f01a675fa197368e44c8916e9c",
        "is_verified": false,
        "line_number": 82
      }
    ],
    "tests/unit/recon/test_subdomain_sources.py": [
      {
        "type": "Secret Keyword",
        "filename": "tests/unit/recon/test_subdomain_sources.py",
        "hashed_secret": "a1b9892611956aa13a5ab9ccf01f49662583f2d2",
        "is_verified": false,
        "line_number": 224
      },
      {
        "type": "Secret Keyword",
        "filename": "tests/unit/recon/test_subdomain_sources.py",
        "hashed_secret": "ee977806d7286510da8b9a7492ba58e2484c0ecc",
        "is_verified": false,
        "line_number": 272
      }
    ],
    "tests/unit/recon/test_untested_api_spec_discovery.py": [
      {
        "type": "Hex High Entropy String",
        "filename": "tests/unit/recon/test_untested_api_spec_discovery.py",
        "hashed_secret": "45561cf7e313b8f71bc7a24ac91bc4d52b6941f1",
        "is_verified": false,
        "line_number": 96
      }
    ],
    "tests/unit/reporting/test_triage_audit.py": [
      {
        "type": "Hex High Entropy String",
        "filename": "tests/unit/reporting/test_triage_audit.py",
        "hashed_secret": "645542122921dcae4472ad0d63050b7729203928",
        "is_verified": false,
        "line_number": 33
      }
    ],
    "tests/unit/test_security_hardening.py": [
      {
        "type": "Secret Keyword",
        "filename": "tests/unit/test_security_hardening.py",
        "hashed_secret": "deb9a753d783bb5bb0e4fad870fa40ff71261025",
        "is_verified": false,
        "line_number": 85
      },
      {
        "type": "Secret Keyword",
        "filename": "tests/unit/test_security_hardening.py",
        "hashed_secret": "bd9bc9dd18ee4a47eb24b7aea921b5dd96f3c5e7",
        "is_verified": false,
        "line_number": 99
      },
      {
        "type": "Secret Keyword",
        "filename": "tests/unit/test_security_hardening.py",
        "hashed_secret": "d033e22ae348aeb5660fc2140aec35850c4da997",
        "is_verified": false,
        "line_number": 139
      },
      {
        "type": "Secret Keyword",
        "filename": "tests/unit/test_security_hardening.py",
        "hashed_secret": "5baa61e4c9b93f3f0682250b6cf8331b7ee68fd8",
        "is_verified": false,
        "line_number": 140
      }
    ]
  },
  "generated_at": "2026-08-23T08:35:05Z"
}
