{
  "generated_at": "",
  "plugins": {
    "detect_secrets.plugins.base64_key_detector": {
      "path": "detect_secrets.plugins.base64_key_detector:Base64KeyDetector"
    },
    "detect_secrets.plugins.basic_auth_detector": {
      "path": "detect_secrets.plugins.basic_auth_detector:BasicAuthDetector"
    },
    "detect_secrets.plugins.cloudant_detector": {
      "path": "detect_secrets.plugins.cloudant_detector:CloudantDetector"
    },
    "detect_secrets.plugins.ftp_detector": {
      "path": "detect_secrets.plugins.ftp_detector:FtpDetector"
    },
    "detect_secrets.plugins.github_token_detector": {
      "path": "detect_secrets.plugins.github_token_detector:GitHubTokenDetector"
    },
    "detect_secrets.plugins.high_entropy_string": {
      "path": "detect_secrets.plugins.high_entropy_string:HighEntropyStringsPlugin",
      "limit": 4.5
    },
    "detect_secrets.plugins.iana_aws_detector": {
      "path": "detect_secrets.plugins.iana_aws_detector:IanaAwsDetector"
    },
    "detect_secrets.plugins.jwt_detector": {
      "path": "detect_secrets.plugins.jwt_detector:JwtTokenDetector"
    },
    "detect_secrets.plugins.keyword_detector": {
      "path": "detect_secrets.plugins.keyword_detector:KeywordDetector",
      "keyword_exclude": ""
    },
    "detect_secrets.plugins.mailchimp_detector": {
      "path": "detect_secrets.plugins.mailchimp_detector:MailchimpDetector"
    },
    "detect_secrets.plugins.npm_detector": {
      "path": "detect_secrets.plugins.npm_detector:NpmDetector"
    },
    "detect_secrets.plugins.private_key_detector": {
      "path": "detect_secrets.plugins.private_key_detector:PrivateKeyDetector"
    },
    "detect_secrets.plugins.slack_detector": {
      "path": "detect_secrets.plugins.slack_detector:SlackDetector"
    },
    "detect_secrets.plugins.softlayer_detector": {
      "path": "detect_secrets.plugins.softlayer_detector:SoftlayerDetector"
    },
    "detect_secrets.plugins.stripe_detector": {
      "path": "detect_secrets.plugins.stripe_detector:StripeDetector"
    },
    "detect_secrets.plugins.twilio_key_detector": {
      "path": "detect_secrets.plugins.twilio_key_detector:TwilioKeyDetector"
    }
  },
  "results": {}
}
